// Jest Snapshot v1, https://goo.gl/fbAQLP

exports[`Project Listing renders correctly 1`] = `
<div
  className="project-list"
/>
`;
